[www.pixcleaner.com/remove-background.html]
[backblue.gif]
[fade.gif]
[index.html]
[www.pixcleaner.com/favicon.png]
[kit.fontawesome.com/659f8d6afa.js]
[cdn.paddle.com/paddle/paddle.js]
[www.pixcleaner.com/static/js/main.a83e53dc.js]
[www.pixcleaner.com/static/css/4592.df185ba2.chunk.css]
[www.pixcleaner.com/static/css/main.21cfaf69.css]
[www.pixcleaner.com/static/media/logo_1.55f21294ecdb14fb6100.png]
[www.pixcleaner.com/home.html]
[www.pixcleaner.com/auth/login.html]
[www.pixcleaner.com/index.html]
[www.pixcleaner.com/replace-background.html]
[www.pixcleaner.com/image-enhance.html]
[www.pixcleaner.com/batch-workflow.html]
[www.pixcleaner.com/image-generation.html]
[www.pixcleaner.com/usecases.html]
[www.pixcleaner.com/faqs.html]
[www.pixcleaner.com/terms.html]
[www.pixcleaner.com/background-remover-tools.html]
[www.pixcleaner.com/background-remover-tools/api.html]
[www.pixcleaner.com/pricing.html]
[www.pixcleaner.com/contact.html]
[pixcleaner.s3.amazonaws.com/assets/batch-workflow+(2).jpg]
[www.pixcleaner.com/static/media/shopify.5fb9f76e0b1fee4a44ed.png]
[pixcleaner.s3.amazonaws.com/assets/pamono.png]
[pixcleaner.s3.amazonaws.com/assets/trendage.png]
[pixcleaner.s3.amazonaws.com/assets/footway.png]
[pixcleaner.s3.amazonaws.com/assets/etality.png]
[pixcleaner.s3.amazonaws.com/assets/photoAid.png]
[pixcleaner.s3.amazonaws.com/assets/netflix.png]
[pixcleaner.s3.amazonaws.com/assets/microsoft.png]
[pixcleaner.s3.amazonaws.com/assets/planetart.png]
[pixcleaner.s3.amazonaws.com/assets/allas.png]
[pixcleaner.s3.amazonaws.com/assets/ladipage.png]
[img.youtube.com/vi/b_Yjrvgy5ms/hqdefault.jpg]
[cdn.pixcleaner.com/assets/imgs/portrait/resultDamier6bbe.jpg]
[cdn.pixcleaner.com/assets/imgs/portrait/origin6bbe.jpg]
[cdn.pixcleaner.com/assets/imgs/product/resultDamier6bbe.jpg]
[cdn.pixcleaner.com/assets/imgs/product/origin6bbe.jpg]
[cdn.pixcleaner.com/assets/imgs/car/resultDamier6bbe.jpg]
[cdn.pixcleaner.com/assets/imgs/car/origin6bbe.jpg]
[cdn.pixcleaner.com/assets/imgs/bottles/resultDamier6bbe.jpg]
[cdn.pixcleaner.com/assets/imgs/bottles/origin6bbe.jpg]
[pixcleaner.s3.amazonaws.com/assets/download20(1)+(2).jpg]
[pixcleaner.s3.amazonaws.com/assets/download+(1).png]
[cdn.pixcleaner.com/assets/imgs/perosn6bbe.png]
[www.pixcleaner.com/tutorials.html]
[www.pixcleaner.com/static/media/autoremoverFeature.e07a7495b356db8905b086aa9d70f743.svg]
[cdn.pixcleaner.com/assets/imgs/hair-min6bbe.png]
[www.pixcleaner.com/static/media/touchToolFeature.54c6ec3300f193c46fc4f1665c2cb0a4.svg]
[cdn.pixcleaner.com/assets/imgs/bg.jpg]
[www.pixcleaner.com/static/media/logo_0.95b41bece0b5a325720d.png]
[www.pixcleaner.com/usecases/ecommerce.html]
[www.pixcleaner.com/usecases/personnal.html]
[www.pixcleaner.com/usecases/Developers.html]
[www.pixcleaner.com/usecases/advertising.html]
[www.pixcleaner.com/usecases/entreprise.html]
[www.pixcleaner.com/blog.html]
[www.pixcleaner.com/aboutus.html]
[www.pixcleaner.com/background-remover-tools/desktop.html]
[www.pixcleaner.com/privacy.html]
[www.pixcleaner.com/remove-background.html]
[www.pixcleaner.com/refund.html]
[www.pixcleaner.com/static/media/flags.99f63ae7a743f21ab308.png]
[www.pixcleaner.com/static/media/icons.a01e3f2d6c83dc3aee17.eot]
[www.pixcleaner.com/static/media/icons.a01e3f2d6c83dc3aee17d41d.eot]
[www.pixcleaner.com/static/media/icons.38c6d8bab26db77d8c80.woff2]
[www.pixcleaner.com/static/media/icons.425399f81e4ce7cbd967.woff]
[www.pixcleaner.com/static/media/icons.c656b8caa454ed19b9a2.ttf]
[www.pixcleaner.com/static/media/icons.62d9dae4e0040e81c980.svg]
[www.pixcleaner.com/static/media/outline-icons.752905fa5edf21fc52a1.eot]
[www.pixcleaner.com/static/media/outline-icons.752905fa5edf21fc52a1d41d.eot]
[www.pixcleaner.com/static/media/outline-icons.687a4990ea22bb1a49d4.woff2]
[www.pixcleaner.com/static/media/outline-icons.ddae9b1ba9b0b42f5880.woff]
[www.pixcleaner.com/static/media/outline-icons.5367103510b27b784827.ttf]
[www.pixcleaner.com/static/media/outline-icons.9c4845b4b41ef40a22fa.svg]
[www.pixcleaner.com/static/media/brand-icons.d68fa3e67dbb653a13ce.eot]
[www.pixcleaner.com/static/media/brand-icons.d68fa3e67dbb653a13ced41d.eot]
[www.pixcleaner.com/static/media/brand-icons.278156e41e0ad908cf7f.woff2]
[www.pixcleaner.com/static/media/brand-icons.cac87dc00c87a5d74711.woff]
[www.pixcleaner.com/static/media/brand-icons.65a2fb6d9aaa164b41a0.ttf]
[www.pixcleaner.com/static/media/brand-icons.6729d29753e000c17489.svg]
[www.pixcleaner.com/static/media/materialdesignicons-webfont.f23f4db72021ea6a2597.eot]
[www.pixcleaner.com/static/media/materialdesignicons-webfont.f23f4db72021ea6a2597d41d.eot]
[www.pixcleaner.com/static/media/materialdesignicons-webfont.c7688a75b646681b6d18.woff2]
[www.pixcleaner.com/static/media/materialdesignicons-webfont.14702e8eed6953ad0436.woff]
[www.pixcleaner.com/static/media/materialdesignicons-webfont.50716d87218e7a360063.ttf]
[www.pixcleaner.com/static/media/bg.b131743f14009f80fe90.png]
[www.pixcleaner.com/static/css/main.21cfaf69.css]
[www.pixcleaner.com/static/css/8868.71744322.chunk.css]
[www.pixcleaner.com/static/css/4592.df185ba2.chunk.css]
[www.pixcleaner.com/home.html]
[www.pixcleaner.com/index.html]
[www.pixcleaner.com/static/media/materialdesignicons-webfont.4c3c8c6d19e04e25fb4a.svg]
[www.pixcleaner.com/auth/login.html]
[www.pixcleaner.com/replace-background.html]
[www.pixcleaner.com/image-enhance.html]
[www.pixcleaner.com/batch-workflow.html]
[www.pixcleaner.com/image-generation.html]
[www.pixcleaner.com/usecases.html]
[www.pixcleaner.com/faqs.html]
[www.pixcleaner.com/terms.html]
[www.pixcleaner.com/background-remover-tools.html]
[www.pixcleaner.com/auth/favicon.html]
[www.pixcleaner.com/background-remover-tools/api.html]
[www.pixcleaner.com/pricing.html]
[www.pixcleaner.com/contact.html]
[pixcleaner.s3.amazonaws.com/assets/origin+(2).jpg]
[pixcleaner.s3.amazonaws.com/assets/-34a52590-1312-4dcd-a92c-1314b9a3f25bNaN1650495002047+(1)+(1).jpg]
[pixcleaner.s3.amazonaws.com/assets/-0b82fb79-bfc7-43a9-ba07-2fc1bb0e100dNaN1638821965077+(8).jpg]
[www.pixcleaner.com/tutorials.html]
[www.pixcleaner.com/static/media/autoremoverFeature.e07a7495b356db8905b086aa9d70f743.svg]
[www.pixcleaner.com/static/media/touchToolFeature.54c6ec3300f193c46fc4f1665c2cb0a4.svg]
[www.pixcleaner.com/background-remover-tools/favicon.html]
[www.pixcleaner.com/usecases/ecommerce.html]
[www.pixcleaner.com/usecases/personnal.html]
[www.pixcleaner.com/usecases/Developers.html]
[www.pixcleaner.com/usecases/advertising.html]
[www.pixcleaner.com/usecases/entreprise.html]
[www.pixcleaner.com/blog.html]
[www.pixcleaner.com/aboutus.html]
[www.pixcleaner.com/background-remover-tools/desktop.html]
[www.pixcleaner.com/privacy.html]
[www.pixcleaner.com/refund.html]
[www.pixcleaner.com/static/media/icons.62d9dae4e0040e81c980.svg]
[www.pixcleaner.com/static/media/outline-icons.9c4845b4b41ef40a22fa.svg]
[www.pixcleaner.com/static/media/brand-icons.6729d29753e000c17489.svg]
[www.pixcleaner.com/usecases/favicon.html]
[www.pixcleaner.com/static/media/materialdesignicons-webfont.4c3c8c6d19e04e25fb4a.svg]
[www.pixcleaner.com/auth/favicon.html]
[www.pixcleaner.com/background-remover-tools/favicon.html]
[www.pixcleaner.com/usecases/favicon.html]
